\BOOKMARK [1][]{section.1}{\376\377\116\000\060\001\000\040\225\356\230\230\221\315\217\360\116\016\122\006\147\220}{}% 1
\BOOKMARK [1][]{section.2}{\376\377\116\214\060\001\000\040\152\041\127\213\120\107\213\276\116\016\173\046\123\367\213\364\146\016}{}% 2
\BOOKMARK [1][]{section.3}{\376\377\116\011\060\001\000\040\145\160\143\156\230\204\131\004\164\006\116\016\121\161\124\014\176\246\147\137}{}% 3
\BOOKMARK [2][]{subsection.3.1}{\376\377\0003\000.\0001\000\040\145\160\143\156\203\003\126\364\116\016\117\341\140\157\217\271\165\114}{section.3}% 4
\BOOKMARK [2][]{subsection.3.2}{\376\377\0003\000.\0002\000\040\145\366\225\364\150\007\173\176\116\016\176\337\213\241\123\343\137\204}{section.3}% 5
\BOOKMARK [2][]{subsection.3.3}{\376\377\0003\000.\0003\000\040\120\250\200\375\162\151\164\006\176\246\147\137}{section.3}% 6
\BOOKMARK [2][]{subsection.3.4}{\376\377\0003\000.\0004\000\040\213\304\116\367\143\007\150\007}{section.3}% 7
\BOOKMARK [1][]{section.4}{\376\377\126\333\060\001\000\040\225\356\230\230\116\000\377\032\170\156\133\232\140\047\120\250\200\375\176\317\155\116\214\003\136\246}{}% 8
\BOOKMARK [2][]{subsection.4.1}{\376\377\0004\000.\0001\000\040\166\356\150\007\116\016\154\102\211\343}{section.4}% 9
\BOOKMARK [2][]{subsection.4.2}{\376\377\0004\000.\0002\000\040\143\007\133\232\145\366\153\265\176\323\147\234\116\016\120\250\200\375\173\126\165\145}{section.4}% 10
\BOOKMARK [2][]{subsection.4.3}{\376\377\0004\000.\0003\000\040\176\317\155\116\140\047\116\016\200\375\221\317\133\210\140\122}{section.4}% 11
\BOOKMARK [1][]{section.5}{\376\377\116\224\060\001\000\040\225\356\230\230\116\214\377\032\123\206\123\362\127\072\146\157\116\013\166\204\145\345\122\115\226\217\147\072\211\304\122\022}{}% 12
\BOOKMARK [2][]{subsection.5.1}{\376\377\0005\000.\0001\000\040\127\072\146\157\147\204\220\040\116\016\121\263\173\126\147\072\122\066}{section.5}% 13
\BOOKMARK [2][]{subsection.5.2}{\376\377\0005\000.\0002\000\040\133\236\226\105\176\323\173\227\116\016\145\345\226\105\217\271\165\114}{section.5}% 14
\BOOKMARK [2][]{subsection.5.3}{\376\377\0005\000.\0003\000\040\143\007\133\232\145\345\147\037\176\323\147\234}{section.5}% 15
\BOOKMARK [2][]{subsection.5.4}{\376\377\0005\000.\0004\000\040\121\150\147\037\176\323\147\234\116\016\230\316\226\151\211\343\221\312}{section.5}% 16
\BOOKMARK [1][]{section.6}{\376\377\121\155\060\001\000\040\225\356\230\230\116\011\377\032\230\204\142\245\146\364\145\260\116\013\166\204\156\332\122\250\226\217\147\072\211\304\122\022}{}% 17
\BOOKMARK [2][]{subsection.6.1}{\376\377\0006\000.\0001\000\040\136\372\152\041\140\035\215\357\116\016\117\341\140\157\217\271\165\114}{section.6}% 18
\BOOKMARK [2][]{subsection.6.2}{\376\377\0006\000.\0002\000\040\121\111\117\017\230\204\142\245\143\322\120\074\123\312\121\300\215\037\203\167\127\072\146\157}{section.6}% 19
\BOOKMARK [2][]{subsection.6.3}{\376\377\0006\000.\0003\000\040\122\035\131\313\213\241\122\022\116\016\220\020\153\041\214\003\145\164\176\323\173\227}{section.6}% 20
\BOOKMARK [2][]{subsection.6.4}{\376\377\0006\000.\0004\000\040\226\217\147\072\176\277\140\047\211\304\122\022\123\312\156\332\122\250\142\147\210\114}{section.6}% 21
\BOOKMARK [2][]{subsection.6.5}{\376\377\0006\000.\0005\000\040\133\236\226\105\215\071\165\050\116\016\124\010\124\014\221\317\166\204\123\072\122\006}{section.6}% 22
\BOOKMARK [2][]{subsection.6.6}{\376\377\0006\000.\0006\000\040\143\007\133\232\145\345\147\037\176\323\147\234}{section.6}% 23
\BOOKMARK [2][]{subsection.6.7}{\376\377\0006\000.\0007\000\040\230\204\142\245\145\366\122\073\166\204\176\317\155\116\116\367\120\074}{section.6}% 24
\BOOKMARK [2][]{subsection.6.8}{\376\377\0006\000.\0008\000\040\121\161\124\014\172\227\123\343\230\204\155\113\213\357\135\356\116\016\171\273\145\143\172\063\120\145\140\047}{section.6}% 25
\BOOKMARK [2][]{subsection.6.9}{\376\377\0006\000.\0009\000\040\121\150\147\037\176\323\147\234\116\016\145\066\166\312\122\006\211\343}{section.6}% 26
\BOOKMARK [1][]{section.7}{\376\377\116\003\060\001\000\040\225\356\230\230\126\333\377\032\154\342\122\250\165\065\116\367\116\013\166\204\173\126\165\145\153\324\217\203}{}% 27
\BOOKMARK [2][]{subsection.7.1}{\376\377\0007\000.\0001\000\040\116\367\150\074\117\341\140\157\116\016\152\041\127\213\117\356\153\143}{section.7}% 28
\BOOKMARK [2][]{subsection.7.2}{\376\377\0007\000.\0002\000\040\136\164\136\246\176\323\147\234\116\016\176\317\155\116\147\072\122\066}{section.7}% 29
\BOOKMARK [2][]{subsection.7.3}{\376\377\0007\000.\0003\000\040\143\007\133\232\145\345\147\037\176\323\147\234}{section.7}% 30
\BOOKMARK [2][]{subsection.7.4}{\376\377\0007\000.\0004\000\040\143\007\133\232\145\345\147\037\176\323\147\234}{section.7}% 31
\BOOKMARK [1][]{section.8}{\376\377\121\153\060\001\000\040\173\227\154\325\133\371\161\147\060\001\145\117\141\037\140\047\116\016\152\041\127\213\150\300\232\214}{}% 32
\BOOKMARK [2][]{subsection.8.1}{\376\377\0008\000.\0001\000\040\124\014\117\341\140\157\145\345\122\115\145\271\154\325\116\016\156\332\122\250\117\341\140\157\116\367\120\074}{section.8}% 33
\BOOKMARK [2][]{subsection.8.2}{\376\377\0008\000.\0002\000\040\000C\000V\000a\000R\230\316\226\151\211\304\220\177\116\016\123\302\145\160\145\117\141\037\140\047}{section.8}% 34
\BOOKMARK [2][]{subsection.8.3}{\376\377\0008\000.\0003\000\040\123\357\210\114\140\047\060\001\176\323\173\227\116\016\131\015\163\260\150\300\232\214}{section.8}% 35
\BOOKMARK [1][]{section.9}{\376\377\116\135\060\001\000\040\152\041\127\213\213\304\116\367\116\016\176\323\213\272}{}% 36
\BOOKMARK [2][]{subsection.9.1}{\376\377\0009\000.\0001\000\040\152\041\127\213\117\030\160\271\116\016\134\100\226\120}{section.9}% 37
\BOOKMARK [2][]{subsection.9.2}{\376\377\0009\000.\0002\000\040\116\073\211\201\176\323\213\272\116\016\217\320\210\114\124\057\171\072}{section.9}% 38
\BOOKMARK [1][]{section*.27}{\376\377\123\302\200\003\145\207\163\056}{}% 39
\BOOKMARK [1][]{appendix.1.A}{\376\377\226\104\137\125\000\040\000A\000\040\176\323\147\234\116\016\131\015\163\260\147\120\145\231\175\042\137\025}{}% 40
\BOOKMARK [1][]{appendix.1.B}{\376\377\226\104\137\125\000\040\000B\000\040\213\272\145\207\147\120\145\231\147\145\156\220\116\016\150\070\232\214\203\003\126\364}{}% 41
\BOOKMARK [1][]{appendix.1.C}{\376\377\226\104\137\125\000\040\000C\000\040\122\035\172\077\117\177\165\050\213\364\146\016}{}% 42
